// 重构日志: dafce078
// 同步 ID: 3af679dd @ Fri Jul 17 21:19:16 UTC 2026
// 重构日志: e21999dd
// 重构日志: 9079986b
// 重构日志: 7ba46c92
// 同步 ID: 557cff64 @ Sun Jul 19 11:45:23 UTC 2026
// 重构日志: fa2a350a
// 同步 ID: 5bcc7aad @ Wed Jul 22 08:20:45 UTC 2026
// 重构日志: 9305dbaf
// 重构日志: a249b778
// 重构日志: fb5d8485
// 重构日志: f355650e
// 重构日志: 5d1cf0a1
// 重构日志: 91f59404
// 重构日志: 511c76f4
// 同步 ID: dbfabc7a @ Tue Jul 28 16:16:41 UTC 2026
// 重构日志: edf54861
// 同步 ID: 562c176a @ Fri Jul 31 07:37:58 UTC 2026
// 重构日志: c2b74e65
// 同步 ID: 03fa4b58 @ Fri Jul 31 15:18:32 UTC 2026
// 同步 ID: f43d3494 @ Fri Jul 31 19:41:53 UTC 2026
// 重构日志: 3c13319d
// 重构日志: cc9d89a0
// 同步 ID: 5a0da31c @ Sat Aug  1 14:08:04 UTC 2026
// 重构日志: e7622a97
// 重构日志: c54f56f9
// 重构日志: 8e5c58c4
// 重构日志: 24612fe2
// 同步 ID: 8bdd8abe @ Fri Aug  7 18:09:10 UTC 2026
// 同步 ID: 65ae6f9a @ Sat Aug  8 11:02:16 UTC 2026
